▶ W02D1
  ⚠ vocab.v0051.ex sim=0.75
     期待 これはなんですか
     聽到 これはなんでした
  ⚠ vocab.v0052.ex sim=0.78
     期待 これはこーひーです
     聽到 これはこうひいです
  ⚠ grammar.g010.form.0 sim=0.75
     期待 これはなんですか
     聽到 これはなんでした
  ⚠ grammar.g010.ex.0 sim=0.75
     期待 これはなんですか
     聽到 これはなんでした
  ⚠ patterns.0 sim=0.75
     期待 これはなんですか
     聽到 これはなんでした
W02D1：49 段，可疑 5 → verdicts/W02D1.audio.json
▶ W02D2
  ⚠ vocab.v0068.ex sim=0.83
     期待 そのかめらはだれのですか
     聽到 そのかめらはだれのでした
  ⚠ patterns.5 sim=0.76
     期待 そのかめらはちんさんのですかはいそうです
     聽到 そのかめらはしんさんのですか
W02D2：49 段，可疑 2 → verdicts/W02D2.audio.json
▶ W02D3
  ⚠ grammar.g015.form.4 sim=0.80
     期待 うけつけはどこですか
     聽到 うけいきはどこですか
  ⚠ patterns.0 sim=0.80
     期待 うけつけはどこですか
     聽到 うけいきはどこですか
W02D3：50 段，可疑 2 → verdicts/W02D3.audio.json
▶ W02D4
W02D4：43 段，可疑 0 → verdicts/W02D4.audio.json
▶ W02D5
  ⚠ vocab.v0096.ex sim=0.85
     期待 このねくたいはいくらですか
     聽到 このねくたいはいくらでした
  ⚠ grammar.g017.ex.0 sim=0.81
     期待 ちょこれーとははっぴゃくえんです
     聽到 しょこれいこははっぴゃくえんです
W02D5：50 段，可疑 2 → verdicts/W02D5.audio.json
▶ W02D6
W02D6：3 段，可疑 0 → verdicts/W02D6.audio.json
▶ W03D1
  ⚠ vocab.v0105.ex sim=0.84
     期待 いまごごしちじです
     聽到 いまごぼうしちじです
  ⚠ listening.line.4 sim=0.80
     期待 くじなんぷんですか
     聽到 きゅうじなんぷんですか
W03D1：49 段，可疑 2 → verdicts/W03D1.audio.json
▶ W03D2
  ⚠ vocab.v0112.ex sim=0.79
     期待 かようびはごぜんじゅうじからです
     聽到 かようびはごぜんいちれいじからです
  ⚠ vocab.v0113.ex sim=0.80
     期待 すいようびもごぜんじゅうじからです
     聽到 すいようびもごぜんいちれいじからです
  ⚠ vocab.v0114.ex sim=0.81
     期待 もくようびはごごはちじまでです
     聽到 もくようびはぼうぼうはちじまでです
  ⚠ grammar.g021.ex.1 sim=0.73
     期待 どようびはやすみですか
     聽到 どようびはやすにでした
  ⚠ grammar.g022.form.0 sim=0.81
     期待 でぱーとはじゅうじからはちじまでです
     聽到 でぱーとはいちれいじからはちじまでです
  ⚠ patterns.4 sim=0.81
     期待 ごぜんじゅうじからごごはちじまでです
     聽到 ごぜんいちれいじからごごはちじまでです
  ⚠ patterns.6 sim=0.71
     期待 にちようびはごごろくじまでです
     聽到 みちおうびはぼぼうろくじまでです
W03D2：50 段，可疑 7 → verdicts/W03D2.audio.json
▶ W03D3
W03D3：41 段，可疑 0 → verdicts/W03D3.audio.json
▶ W03D4
W03D4：50 段，可疑 0 → verdicts/W03D4.audio.json
▶ W03D5
  ⚠ vocab.v0141.ex sim=0.42
     期待 きょうははたらきますか
     聽到 きんきゅうですか
  ⚠ vocab.v0144 sim=0.25
     期待 おととい
     聽到 いちとび
  ⚠ vocab.v0144.ex sim=0.70
     期待 おとといはやすみました
     聽到 いつさかみはやすみました
  ⚠ vocab.v0146.ex sim=0.83
     期待 けさはろくじにおきました
     聽到 いまはろくじにおきました
  ⚠ grammar.g027.ex.2 sim=0.74
     期待 まいにちごぜんくじからごごじゅういちじまではたらきますたいへんですね
     聽到 まいにちごぜんきゅうじからごごいちいちじまではたらきます
  ⚠ patterns.2 sim=0.42
     期待 きょうははたらきますか
     聽到 きんきゅうですか
W03D5：50 段，可疑 6 → verdicts/W03D5.audio.json
▶ W03D6
W03D6：3 段，可疑 0 → verdicts/W03D6.audio.json
▶ W04D1
  ⚠ vocab.v0153.ex sim=0.71
     期待 ごごろくじにうちへかえりますかえる
     聽到 ごもろくじにいえへかえります
  ⚠ vocab.v0154 sim=0.29
     期待 がっこう
     聽到 だっご
  ⚠ vocab.v0155.ex sim=0.80
     期待 すーぱーはどこですか
     聽到 すーぱーはどこでした
  ⚠ vocab.v0157.ex sim=0.83
     期待 きょうはうちへかえります
     聽到 きょうはいえへかえります
  ⚠ grammar.g028.form.8 sim=0.62
     期待 うちへかえります
     聽到 いええかえります
  ⚠ grammar.g028.form.9 sim=0.71
     期待 うちへかえりません
     聽到 いえかえりません
  ⚠ grammar.g028.form.10 sim=0.67
     期待 うちへかえりました
     聽到 いえいかえりました
  ⚠ grammar.g028.form.11 sim=0.72
     期待 うちへかえりませんでした
     聽到 いえいえかえりませんでした
  ⚠ patterns.4 sim=0.74
     期待 ごごろくじにうちへかえります
     聽到 ごごろくしにいえかえります
W04D1：58 段，可疑 9 → verdicts/W04D1.audio.json
▶ W04D2
  ⚠ vocab.v0169.ex sim=0.85
     期待 かぞくとばすですーぱーへいきます
     聽到 いあそくとばすですーぱーへいきます
  ⚠ grammar.g031.ex.0 sim=0.85
     期待 かぞくとばすですーぱーへいきます
     聽到 いあそくとばすですーぱーへいきます
  ⚠ patterns.2 sim=0.85
     期待 かぞくとばすですーぱーへいきます
     聽到 いあそくとばすですーぱーへいきます
W04D2：47 段，可疑 3 → verdicts/W04D2.audio.json
▶ W04D3
  ⚠ vocab.v0176 sim=0.00
     期待 こんげつ
     聽到 いまか
W04D3：43 段，可疑 1 → verdicts/W04D3.audio.json
▶ W04D4
  ⚠ vocab.v0183 sim=0.22
     期待 しちがつ
     聽到 なながくせ
  ⚠ vocab.v0184.ex sim=0.75
     期待 くがつにうちへかえります
     聽到 くがつにいええかえります
  ⚠ vocab.v0186.ex sim=0.79
     期待 しがつついたちにほてるへいきます
     聽到 よんがついちにちにほてるへいきます
  ⚠ grammar.g034.ex.1 sim=0.79
     期待 しがつついたちにほてるへいきます
     聽到 よんがついちにちにほてるへいきます
  ⚠ grammar.g034.ex.2 sim=0.79
     期待 しちがつはつかにうちへかえります
     聽到 しちがついちつかにいえへかえります
  ⚠ patterns.4 sim=0.76
     期待 しちがつついたちにほてるへいきます
     聽到 なながついちにちにほてるへいきます
  ⚠ patterns.5 sim=0.65
     期待 くがつはつかにうちへかえります
     聽到 きゅうがつにいちにちにうちへかえります
  ⚠ reading sim=0.80
     期待 わたしのかれんだーしがつついたちかぞくときょうとのほてるへいきますしがつふつかわたしのたんじょうびですほてるのしょくどうへいきますしがつみっかうちへかえりますしちがつはつかともだちとおおさかへいきますくがつふつかとうきょうへいきます
     聽到 わたしのかれんだーよんがついちにちかぞくときょうとのほてるへいきますよんがつにひわたしのたんじょうびですほてるのしょくどうへいきますよんがつさんひうちへかえりますなながつにれいにちこもだちとおおさかへいきますきゅうがつさんひとうきょうへいきます
  ⚠ listening.line.2 sim=0.54
     期待 しちがつはつかにいきます
     聽到 なながつにれいにちにいきます
W04D4：49 段，可疑 9 → verdicts/W04D4.audio.json
▶ W04D5
  ⚠ listening.line.0 sim=0.75
     期待 えきはどこですか
     聽到 えきはどこでした
W04D5：49 段，可疑 1 → verdicts/W04D5.audio.json
▶ W04D6
W04D6：5 段，可疑 0 → verdicts/W04D6.audio.json
